Kathleens-MacBook-Air:Desktop kathleenraven$ cd DojoAssignments
Kathleens-MacBook-Air:DojoAssignments kathleenraven$ git init
Initialized empty Git repository in /Users/kathleenraven/Desktop/DojoAssignments/.git/
Kathleens-MacBook-Air:DojoAssignments kathleenraven$ git remote add origin https://github.com/kjulietraven/DojoAssignments.git
Kathleens-MacBook-Air:DojoAssignments kathleenraven$ git push -u origin master
error: src refspec master does not match any.
error: failed to push some refs to 'https://github.com/kjulietraven/DojoAssignments.git'
Kathleens-MacBook-Air:DojoAssignments kathleenraven$ git status
On branch master

Initial commit

Untracked files:
  (use "git add <file>..." to include in what will be committed)

	MEAN/
	Python/
	Ruby/
	WebFundamentals/
	iOS/
	netCore/

nothing added to commit but untracked files present (use "git add" to track)
Kathleens-MacBook-Air:DojoAssignments kathleenraven$ git add .
Kathleens-MacBook-Air:DojoAssignments kathleenraven$ git commit -m "added project folders"
[master (root-commit) 6cdd39d] added project folders
 11 files changed, 0 insertions(+), 0 deletions(-)
 create mode 100644 MEAN/about.txt
 create mode 100644 Python/about.txt
 create mode 100644 Ruby/about.txt
 create mode 100644 WebFundamentals/CSS/about.txt
 create mode 100644 WebFundamentals/Git/about.txt
 create mode 100644 WebFundamentals/HTML/about.txt
 create mode 100644 WebFundamentals/HTML/indentation.html
 create mode 100644 WebFundamentals/Javascript/about.txt
 create mode 100644 WebFundamentals/about.txt
 create mode 100644 iOS/about.txt
 create mode 100644 netCore/about.txt
Kathleens-MacBook-Air:DojoAssignments kathleenraven$ git status
On branch master
nothing to commit, working tree clean
Kathleens-MacBook-Air:DojoAssignments kathleenraven$ git remote add origin https://github.com/kjulietraven/DojoAssignments.git
fatal: remote origin already exists.
Kathleens-MacBook-Air:DojoAssignments kathleenraven$ git push -u origin master
Username for 'https://github.com': kjulietraven
Password for 'https://kjulietraven@github.com': 
Counting objects: 6, done.
Delta compression using up to 4 threads.
Compressing objects: 100% (4/4), done.
Writing objects: 100% (6/6), 523 bytes | 0 bytes/s, done.
Total 6 (delta 0), reused 0 (delta 0)
To https://github.com/kjulietraven/DojoAssignments.git
 * [new branch]      master -> master
Branch master set up to track remote branch master from origin.
Kathleens-MacBook-Air:DojoAssignments kathleenraven$ ls
MEAN		Python		Ruby		WebFundamentals	iOS		netCore
Kathleens-MacBook-Air:DojoAssignments kathleenraven$ touch readme.md
Kathleens-MacBook-Air:DojoAssignments kathleenraven$ ls
MEAN		Python		Ruby		WebFundamentals	iOS		netCore		readme.md
Kathleens-MacBook-Air:DojoAssignments kathleenraven$ git status
On branch master
Your branch is up-to-date with 'origin/master'.
Untracked files:
  (use "git add <file>..." to include in what will be committed)

	readme.md

nothing added to commit but untracked files present (use "git add" to track)
Kathleens-MacBook-Air:DojoAssignments kathleenraven$ git add .
Kathleens-MacBook-Air:DojoAssignments kathleenraven$ git commit -m "created a readme file"
[master d33f4ac] created a readme file
 1 file changed, 0 insertions(+), 0 deletions(-)
 create mode 100644 readme.md
Kathleens-MacBook-Air:DojoAssignments kathleenraven$ git status
On branch master
Your branch is ahead of 'origin/master' by 1 commit.
  (use "git push" to publish your local commits)
nothing to commit, working tree clean
Kathleens-MacBook-Air:DojoAssignments kathleenraven$ git push
Counting objects: 2, done.
Delta compression using up to 4 threads.
Compressing objects: 100% (2/2), done.
Writing objects: 100% (2/2), 268 bytes | 0 bytes/s, done.
Total 2 (delta 1), reused 0 (delta 0)
remote: Resolving deltas: 100% (1/1), completed with 1 local objects.
To https://github.com/kjulietraven/DojoAssignments.git
   6cdd39d..d33f4ac  master -> master
Kathleens-MacBook-Air:DojoAssignments kathleenraven$ git status
On branch master
Your branch is up-to-date with 'origin/master'.
nothing to commit, working tree clean
